
> frontend@0.0.0 build
> tsc -b && vite build

src/components/layout/ProtectedRoute.tsx(1,1): error TS6133: 'React' is declared but its value is never read.
src/components/ui/select.tsx(3,30): error TS6133: 'ChevronUp' is declared but its value is never read.
src/pages/student/UploadActivity.tsx(18,12): error TS6133: 'loading' is declared but its value is never read.
src/pages/student/UploadActivity.tsx(18,21): error TS6133: 'setLoading' is declared but its value is never read.
src/pages/student/UploadActivity.tsx(27,21): error TS6133: 'setEndDate' is declared but its value is never read.
