src/components/dashboard/KPICards.tsx(16,72): error TS6133: 'color' is declared but its value is never read.
src/components/layout/ProtectedRoute.tsx(1,1): error TS6133: 'React' is declared but its value is never read.
src/components/ui/DragDropUpload.tsx(2,23): error TS6133: 'FileText' is declared but its value is never read.
src/components/ui/DragDropUpload.tsx(13,68): error TS6133: 'required' is declared but its value is never read.
src/components/ui/select.tsx(3,30): error TS6133: 'ChevronUp' is declared but its value is never read.
src/pages/admin/AdminDashboard.tsx(5,1): error TS6133: 'Button' is declared but its value is never read.
src/pages/student/UploadActivity.tsx(7,27): error TS6133: 'FileText' is declared but its value is never read.
src/pages/student/UploadActivity.tsx(19,12): error TS6133: 'loading' is declared but its value is never read.
src/pages/student/UploadActivity.tsx(19,21): error TS6133: 'setLoading' is declared but its value is never read.
src/pages/student/UploadActivity.tsx(28,21): error TS6133: 'setEndDate' is declared but its value is never read.
